// Jest Snapshot v1, https://goo.gl/fbAQLP

exports[`should render Banner component 1`] = `
<div
  className="banner__container"
>
  <a
    className="banner__link"
    href="#"
  >
    <div
      className="banner__image"
      style={
        Object {
          "backgroundImage": "url(test image)",
        }
      }
    />
    <span
      className="banner__text banner__text--main"
    >
      main text here
    </span>
    <span
      className="banner__text banner__text--secondary"
    >
      secondary text here
    </span>
    <div
      className="banner__button"
    >
      button
    </div>
  </a>
</div>
`;
