// Jest Snapshot v1, https://goo.gl/fbAQLP

exports[`should render ImageSlider with three images 1`] = `
<ImageSlider
  country="Country"
  interval={5000}
  name="Name"
>
  <div>
    <div
      className="image-slider__container"
    >
      <div
        className="image-slider__current-slide"
        style={
          Object {
            "backgroundImage": "url(/images/Name-Country/slide1.jpg)",
          }
        }
      />
      <div
        className="image-slider__button image-slider__button--left"
        onClick={[Function]}
      >
        ❮
      </div>
      <div
        className="image-slider__button image-slider__button--right"
        onClick={[Function]}
      >
        ❯
      </div>
      <div
        className="image-slider__dots-container"
      >
        <span
          className="image-slider__dot image-slider__dot--active"
          data-id={0}
          key="0"
          onClick={[Function]}
        />
        <span
          className="image-slider__dot"
          data-id={1}
          key="1"
          onClick={[Function]}
        />
        <span
          className="image-slider__dot"
          data-id={2}
          key="2"
          onClick={[Function]}
        />
      </div>
    </div>
  </div>
</ImageSlider>
`;

exports[`should render empty ImageSlider 1`] = `
<ImageSlider
  country="Images"
  interval={5000}
  name="No"
>
  <div />
</ImageSlider>
`;
