// Jest Snapshot v1, https://goo.gl/fbAQLP

exports[`should display error message 1`] = `
<ParametersPanel
  errorParameters={true}
  onChange={[MockFunction]}
  parametersEntered={0}
  parametersMax={6}
  parametersOnClick={[MockFunction]}
  parametersPanel={true}
  parametersValue={
    Object {
      "Beach": 0,
      "Food": 0,
      "Museum": 0,
      "Nature": 0,
      "Nightlife": 0,
      "Shopping": 0,
    }
  }
>
  <div
    className="parameters-panel__container parameters-panel__container--error"
  >
    <div
      className="parameters-panel__parameters parameters-panel__parameters--open"
    >
      <Parameter
        disabled={false}
        key="0"
        onChange={[MockFunction]}
        parameter="Beach"
        value={0}
      >
        <div
          className="parameter-container"
        >
          <label
            className="parameter__label"
          >
            Beach
          </label>
          <div
            className="slider-container"
          >
            <div
              className="slider__labels-container"
            >
              <div
                className="slider__label slider__label--active slider__label--selected slider__label--first"
                key="0"
                onClick={[Function]}
              >
                0
              </div>
              <div
                className="slider__label"
                key="1"
                onClick={[Function]}
              >
                1
              </div>
              <div
                className="slider__label"
                key="2"
                onClick={[Function]}
              >
                2
              </div>
              <div
                className="slider__label"
                key="3"
                onClick={[Function]}
              >
                3
              </div>
              <div
                className="slider__label"
                key="4"
                onClick={[Function]}
              >
                4
              </div>
              <div
                className="slider__label slider__label--last"
                key="5"
                onClick={[Function]}
              >
                5
              </div>
            </div>
            <div
              className="slider__range-contaner"
            >
              <input
                className="slider__range"
                disabled={false}
                max={5}
                min={0}
                onChange={[Function]}
                steps={1}
                style={
                  Object {
                    "background": "linear-gradient(to right, optionChoose 0%, #b2b2b2 0%)",
                  }
                }
                type="range"
                value={0}
              />
            </div>
          </div>
        </div>
      </Parameter>
      <Parameter
        disabled={false}
        key="1"
        onChange={[MockFunction]}
        parameter="Food"
        value={0}
      >
        <div
          className="parameter-container"
        >
          <label
            className="parameter__label"
          >
            Food
          </label>
          <div
            className="slider-container"
          >
            <div
              className="slider__labels-container"
            >
              <div
                className="slider__label slider__label--active slider__label--selected slider__label--first"
                key="0"
                onClick={[Function]}
              >
                0
              </div>
              <div
                className="slider__label"
                key="1"
                onClick={[Function]}
              >
                1
              </div>
              <div
                className="slider__label"
                key="2"
                onClick={[Function]}
              >
                2
              </div>
              <div
                className="slider__label"
                key="3"
                onClick={[Function]}
              >
                3
              </div>
              <div
                className="slider__label"
                key="4"
                onClick={[Function]}
              >
                4
              </div>
              <div
                className="slider__label slider__label--last"
                key="5"
                onClick={[Function]}
              >
                5
              </div>
            </div>
            <div
              className="slider__range-contaner"
            >
              <input
                className="slider__range"
                disabled={false}
                max={5}
                min={0}
                onChange={[Function]}
                steps={1}
                style={
                  Object {
                    "background": "linear-gradient(to right, optionChoose 0%, #b2b2b2 0%)",
                  }
                }
                type="range"
                value={0}
              />
            </div>
          </div>
        </div>
      </Parameter>
      <Parameter
        disabled={false}
        key="2"
        onChange={[MockFunction]}
        parameter="Museum"
        value={0}
      >
        <div
          className="parameter-container"
        >
          <label
            className="parameter__label"
          >
            Museum
          </label>
          <div
            className="slider-container"
          >
            <div
              className="slider__labels-container"
            >
              <div
                className="slider__label slider__label--active slider__label--selected slider__label--first"
                key="0"
                onClick={[Function]}
              >
                0
              </div>
              <div
                className="slider__label"
                key="1"
                onClick={[Function]}
              >
                1
              </div>
              <div
                className="slider__label"
                key="2"
                onClick={[Function]}
              >
                2
              </div>
              <div
                className="slider__label"
                key="3"
                onClick={[Function]}
              >
                3
              </div>
              <div
                className="slider__label"
                key="4"
                onClick={[Function]}
              >
                4
              </div>
              <div
                className="slider__label slider__label--last"
                key="5"
                onClick={[Function]}
              >
                5
              </div>
            </div>
            <div
              className="slider__range-contaner"
            >
              <input
                className="slider__range"
                disabled={false}
                max={5}
                min={0}
                onChange={[Function]}
                steps={1}
                style={
                  Object {
                    "background": "linear-gradient(to right, optionChoose 0%, #b2b2b2 0%)",
                  }
                }
                type="range"
                value={0}
              />
            </div>
          </div>
        </div>
      </Parameter>
      <Parameter
        disabled={false}
        key="3"
        onChange={[MockFunction]}
        parameter="Nature"
        value={0}
      >
        <div
          className="parameter-container"
        >
          <label
            className="parameter__label"
          >
            Nature
          </label>
          <div
            className="slider-container"
          >
            <div
              className="slider__labels-container"
            >
              <div
                className="slider__label slider__label--active slider__label--selected slider__label--first"
                key="0"
                onClick={[Function]}
              >
                0
              </div>
              <div
                className="slider__label"
                key="1"
                onClick={[Function]}
              >
                1
              </div>
              <div
                className="slider__label"
                key="2"
                onClick={[Function]}
              >
                2
              </div>
              <div
                className="slider__label"
                key="3"
                onClick={[Function]}
              >
                3
              </div>
              <div
                className="slider__label"
                key="4"
                onClick={[Function]}
              >
                4
              </div>
              <div
                className="slider__label slider__label--last"
                key="5"
                onClick={[Function]}
              >
                5
              </div>
            </div>
            <div
              className="slider__range-contaner"
            >
              <input
                className="slider__range"
                disabled={false}
                max={5}
                min={0}
                onChange={[Function]}
                steps={1}
                style={
                  Object {
                    "background": "linear-gradient(to right, optionChoose 0%, #b2b2b2 0%)",
                  }
                }
                type="range"
                value={0}
              />
            </div>
          </div>
        </div>
      </Parameter>
      <Parameter
        disabled={false}
        key="4"
        onChange={[MockFunction]}
        parameter="Nightlife"
        value={0}
      >
        <div
          className="parameter-container"
        >
          <label
            className="parameter__label"
          >
            Nightlife
          </label>
          <div
            className="slider-container"
          >
            <div
              className="slider__labels-container"
            >
              <div
                className="slider__label slider__label--active slider__label--selected slider__label--first"
                key="0"
                onClick={[Function]}
              >
                0
              </div>
              <div
                className="slider__label"
                key="1"
                onClick={[Function]}
              >
                1
              </div>
              <div
                className="slider__label"
                key="2"
                onClick={[Function]}
              >
                2
              </div>
              <div
                className="slider__label"
                key="3"
                onClick={[Function]}
              >
                3
              </div>
              <div
                className="slider__label"
                key="4"
                onClick={[Function]}
              >
                4
              </div>
              <div
                className="slider__label slider__label--last"
                key="5"
                onClick={[Function]}
              >
                5
              </div>
            </div>
            <div
              className="slider__range-contaner"
            >
              <input
                className="slider__range"
                disabled={false}
                max={5}
                min={0}
                onChange={[Function]}
                steps={1}
                style={
                  Object {
                    "background": "linear-gradient(to right, optionChoose 0%, #b2b2b2 0%)",
                  }
                }
                type="range"
                value={0}
              />
            </div>
          </div>
        </div>
      </Parameter>
      <Parameter
        disabled={false}
        key="5"
        onChange={[MockFunction]}
        parameter="Shopping"
        value={0}
      >
        <div
          className="parameter-container"
        >
          <label
            className="parameter__label"
          >
            Shopping
          </label>
          <div
            className="slider-container"
          >
            <div
              className="slider__labels-container"
            >
              <div
                className="slider__label slider__label--active slider__label--selected slider__label--first"
                key="0"
                onClick={[Function]}
              >
                0
              </div>
              <div
                className="slider__label"
                key="1"
                onClick={[Function]}
              >
                1
              </div>
              <div
                className="slider__label"
                key="2"
                onClick={[Function]}
              >
                2
              </div>
              <div
                className="slider__label"
                key="3"
                onClick={[Function]}
              >
                3
              </div>
              <div
                className="slider__label"
                key="4"
                onClick={[Function]}
              >
                4
              </div>
              <div
                className="slider__label slider__label--last"
                key="5"
                onClick={[Function]}
              >
                5
              </div>
            </div>
            <div
              className="slider__range-contaner"
            >
              <input
                className="slider__range"
                disabled={false}
                max={5}
                min={0}
                onChange={[Function]}
                steps={1}
                style={
                  Object {
                    "background": "linear-gradient(to right, optionChoose 0%, #b2b2b2 0%)",
                  }
                }
                type="range"
                value={0}
              />
            </div>
          </div>
        </div>
      </Parameter>
    </div>
    <div
      className="parameters-panel__open-close-btn parameters-panel__open-close-btn--open"
      onClick={[MockFunction]}
    >
      <span
        className="parameters-panel__open-close-text parameters-panel__open-close-text--error"
      >
        Select at least one option
      </span>
      <div
        className="parameters-panel__arrow-container"
      >
        <svg
          className="parameters-panel__arrow parameters-panel__arrow--first parameters-panel__arrow--rotate"
          version="1.1"
          viewBox="0 0 256 256"
          xmlns="http://www.w3.org/2000/svg"
        >
          <path
            className="parameters-panel__arrow-path"
            d="M253.4,73.4l-12.8-11.8c-1.7-1.6-3.7-2.4-5.9-2.4c-2.2,0-4.2,0.8-5.9,2.4L128,154.5L27.2,61.6c-1.7-1.6-3.7-2.4-5.9-2.4
 c-2.2,0-4.2,0.8-5.9,2.4L2.6,73.4C0.9,75,0,76.8,0,78.9c0,2,0.9,3.9,2.6,5.4l119.5,110.1c1.7,1.6,3.7,2.4,5.9,2.4
 c2.2,0,4.2-0.8,5.9-2.4L253.4,84.3c1.7-1.6,2.6-3.4,2.6-5.4C256,76.8,255.2,75,253.4,73.4z"
          />
        </svg>
        <svg
          className="parameters-panel__arrow parameters-panel__arrow--second parameters-panel__arrow--rotate"
          version="1.1"
          viewBox="0 0 256 256"
          xmlns="http://www.w3.org/2000/svg"
        >
          <path
            className="parameters-panel__arrow-path"
            d="M253.4,73.4l-12.8-11.8c-1.7-1.6-3.7-2.4-5.9-2.4c-2.2,0-4.2,0.8-5.9,2.4L128,154.5L27.2,61.6c-1.7-1.6-3.7-2.4-5.9-2.4
 c-2.2,0-4.2,0.8-5.9,2.4L2.6,73.4C0.9,75,0,76.8,0,78.9c0,2,0.9,3.9,2.6,5.4l119.5,110.1c1.7,1.6,3.7,2.4,5.9,2.4
 c2.2,0,4.2-0.8,5.9-2.4L253.4,84.3c1.7-1.6,2.6-3.4,2.6-5.4C256,76.8,255.2,75,253.4,73.4z"
          />
        </svg>
      </div>
    </div>
  </div>
</ParametersPanel>
`;

exports[`should render ParametersPanal with default props 1`] = `
<ParametersPanel
  errorParameters={false}
  onChange={[MockFunction]}
  parametersEntered={0}
  parametersMax={6}
  parametersOnClick={[MockFunction]}
  parametersPanel={false}
  parametersValue={
    Object {
      "Beach": 0,
      "Food": 0,
      "Museum": 0,
      "Nature": 0,
      "Nightlife": 0,
      "Shopping": 0,
    }
  }
>
  <div
    className="parameters-panel__container"
  >
    <div
      className="parameters-panel__parameters"
    >
      <Parameter
        disabled={false}
        key="0"
        onChange={[MockFunction]}
        parameter="Beach"
        value={0}
      >
        <div
          className="parameter-container"
        >
          <label
            className="parameter__label"
          >
            Beach
          </label>
          <div
            className="slider-container"
          >
            <div
              className="slider__labels-container"
            >
              <div
                className="slider__label slider__label--active slider__label--selected slider__label--first"
                key="0"
                onClick={[Function]}
              >
                0
              </div>
              <div
                className="slider__label"
                key="1"
                onClick={[Function]}
              >
                1
              </div>
              <div
                className="slider__label"
                key="2"
                onClick={[Function]}
              >
                2
              </div>
              <div
                className="slider__label"
                key="3"
                onClick={[Function]}
              >
                3
              </div>
              <div
                className="slider__label"
                key="4"
                onClick={[Function]}
              >
                4
              </div>
              <div
                className="slider__label slider__label--last"
                key="5"
                onClick={[Function]}
              >
                5
              </div>
            </div>
            <div
              className="slider__range-contaner"
            >
              <input
                className="slider__range"
                disabled={false}
                max={5}
                min={0}
                onChange={[Function]}
                steps={1}
                style={
                  Object {
                    "background": "linear-gradient(to right, optionChoose 0%, #b2b2b2 0%)",
                  }
                }
                type="range"
                value={0}
              />
            </div>
          </div>
        </div>
      </Parameter>
      <Parameter
        disabled={false}
        key="1"
        onChange={[MockFunction]}
        parameter="Food"
        value={0}
      >
        <div
          className="parameter-container"
        >
          <label
            className="parameter__label"
          >
            Food
          </label>
          <div
            className="slider-container"
          >
            <div
              className="slider__labels-container"
            >
              <div
                className="slider__label slider__label--active slider__label--selected slider__label--first"
                key="0"
                onClick={[Function]}
              >
                0
              </div>
              <div
                className="slider__label"
                key="1"
                onClick={[Function]}
              >
                1
              </div>
              <div
                className="slider__label"
                key="2"
                onClick={[Function]}
              >
                2
              </div>
              <div
                className="slider__label"
                key="3"
                onClick={[Function]}
              >
                3
              </div>
              <div
                className="slider__label"
                key="4"
                onClick={[Function]}
              >
                4
              </div>
              <div
                className="slider__label slider__label--last"
                key="5"
                onClick={[Function]}
              >
                5
              </div>
            </div>
            <div
              className="slider__range-contaner"
            >
              <input
                className="slider__range"
                disabled={false}
                max={5}
                min={0}
                onChange={[Function]}
                steps={1}
                style={
                  Object {
                    "background": "linear-gradient(to right, optionChoose 0%, #b2b2b2 0%)",
                  }
                }
                type="range"
                value={0}
              />
            </div>
          </div>
        </div>
      </Parameter>
      <Parameter
        disabled={false}
        key="2"
        onChange={[MockFunction]}
        parameter="Museum"
        value={0}
      >
        <div
          className="parameter-container"
        >
          <label
            className="parameter__label"
          >
            Museum
          </label>
          <div
            className="slider-container"
          >
            <div
              className="slider__labels-container"
            >
              <div
                className="slider__label slider__label--active slider__label--selected slider__label--first"
                key="0"
                onClick={[Function]}
              >
                0
              </div>
              <div
                className="slider__label"
                key="1"
                onClick={[Function]}
              >
                1
              </div>
              <div
                className="slider__label"
                key="2"
                onClick={[Function]}
              >
                2
              </div>
              <div
                className="slider__label"
                key="3"
                onClick={[Function]}
              >
                3
              </div>
              <div
                className="slider__label"
                key="4"
                onClick={[Function]}
              >
                4
              </div>
              <div
                className="slider__label slider__label--last"
                key="5"
                onClick={[Function]}
              >
                5
              </div>
            </div>
            <div
              className="slider__range-contaner"
            >
              <input
                className="slider__range"
                disabled={false}
                max={5}
                min={0}
                onChange={[Function]}
                steps={1}
                style={
                  Object {
                    "background": "linear-gradient(to right, optionChoose 0%, #b2b2b2 0%)",
                  }
                }
                type="range"
                value={0}
              />
            </div>
          </div>
        </div>
      </Parameter>
      <Parameter
        disabled={false}
        key="3"
        onChange={[MockFunction]}
        parameter="Nature"
        value={0}
      >
        <div
          className="parameter-container"
        >
          <label
            className="parameter__label"
          >
            Nature
          </label>
          <div
            className="slider-container"
          >
            <div
              className="slider__labels-container"
            >
              <div
                className="slider__label slider__label--active slider__label--selected slider__label--first"
                key="0"
                onClick={[Function]}
              >
                0
              </div>
              <div
                className="slider__label"
                key="1"
                onClick={[Function]}
              >
                1
              </div>
              <div
                className="slider__label"
                key="2"
                onClick={[Function]}
              >
                2
              </div>
              <div
                className="slider__label"
                key="3"
                onClick={[Function]}
              >
                3
              </div>
              <div
                className="slider__label"
                key="4"
                onClick={[Function]}
              >
                4
              </div>
              <div
                className="slider__label slider__label--last"
                key="5"
                onClick={[Function]}
              >
                5
              </div>
            </div>
            <div
              className="slider__range-contaner"
            >
              <input
                className="slider__range"
                disabled={false}
                max={5}
                min={0}
                onChange={[Function]}
                steps={1}
                style={
                  Object {
                    "background": "linear-gradient(to right, optionChoose 0%, #b2b2b2 0%)",
                  }
                }
                type="range"
                value={0}
              />
            </div>
          </div>
        </div>
      </Parameter>
      <Parameter
        disabled={false}
        key="4"
        onChange={[MockFunction]}
        parameter="Nightlife"
        value={0}
      >
        <div
          className="parameter-container"
        >
          <label
            className="parameter__label"
          >
            Nightlife
          </label>
          <div
            className="slider-container"
          >
            <div
              className="slider__labels-container"
            >
              <div
                className="slider__label slider__label--active slider__label--selected slider__label--first"
                key="0"
                onClick={[Function]}
              >
                0
              </div>
              <div
                className="slider__label"
                key="1"
                onClick={[Function]}
              >
                1
              </div>
              <div
                className="slider__label"
                key="2"
                onClick={[Function]}
              >
                2
              </div>
              <div
                className="slider__label"
                key="3"
                onClick={[Function]}
              >
                3
              </div>
              <div
                className="slider__label"
                key="4"
                onClick={[Function]}
              >
                4
              </div>
              <div
                className="slider__label slider__label--last"
                key="5"
                onClick={[Function]}
              >
                5
              </div>
            </div>
            <div
              className="slider__range-contaner"
            >
              <input
                className="slider__range"
                disabled={false}
                max={5}
                min={0}
                onChange={[Function]}
                steps={1}
                style={
                  Object {
                    "background": "linear-gradient(to right, optionChoose 0%, #b2b2b2 0%)",
                  }
                }
                type="range"
                value={0}
              />
            </div>
          </div>
        </div>
      </Parameter>
      <Parameter
        disabled={false}
        key="5"
        onChange={[MockFunction]}
        parameter="Shopping"
        value={0}
      >
        <div
          className="parameter-container"
        >
          <label
            className="parameter__label"
          >
            Shopping
          </label>
          <div
            className="slider-container"
          >
            <div
              className="slider__labels-container"
            >
              <div
                className="slider__label slider__label--active slider__label--selected slider__label--first"
                key="0"
                onClick={[Function]}
              >
                0
              </div>
              <div
                className="slider__label"
                key="1"
                onClick={[Function]}
              >
                1
              </div>
              <div
                className="slider__label"
                key="2"
                onClick={[Function]}
              >
                2
              </div>
              <div
                className="slider__label"
                key="3"
                onClick={[Function]}
              >
                3
              </div>
              <div
                className="slider__label"
                key="4"
                onClick={[Function]}
              >
                4
              </div>
              <div
                className="slider__label slider__label--last"
                key="5"
                onClick={[Function]}
              >
                5
              </div>
            </div>
            <div
              className="slider__range-contaner"
            >
              <input
                className="slider__range"
                disabled={false}
                max={5}
                min={0}
                onChange={[Function]}
                steps={1}
                style={
                  Object {
                    "background": "linear-gradient(to right, optionChoose 0%, #b2b2b2 0%)",
                  }
                }
                type="range"
                value={0}
              />
            </div>
          </div>
        </div>
      </Parameter>
    </div>
    <div
      className="parameters-panel__open-close-btn"
      onClick={[MockFunction]}
    >
      <span
        className="parameters-panel__open-close-text"
      >
        Show parameters
      </span>
      <div
        className="parameters-panel__arrow-container"
      >
        <svg
          className="parameters-panel__arrow parameters-panel__arrow--first"
          version="1.1"
          viewBox="0 0 256 256"
          xmlns="http://www.w3.org/2000/svg"
        >
          <path
            className="parameters-panel__arrow-path"
            d="M253.4,73.4l-12.8-11.8c-1.7-1.6-3.7-2.4-5.9-2.4c-2.2,0-4.2,0.8-5.9,2.4L128,154.5L27.2,61.6c-1.7-1.6-3.7-2.4-5.9-2.4
 c-2.2,0-4.2,0.8-5.9,2.4L2.6,73.4C0.9,75,0,76.8,0,78.9c0,2,0.9,3.9,2.6,5.4l119.5,110.1c1.7,1.6,3.7,2.4,5.9,2.4
 c2.2,0,4.2-0.8,5.9-2.4L253.4,84.3c1.7-1.6,2.6-3.4,2.6-5.4C256,76.8,255.2,75,253.4,73.4z"
          />
        </svg>
        <svg
          className="parameters-panel__arrow parameters-panel__arrow--second"
          version="1.1"
          viewBox="0 0 256 256"
          xmlns="http://www.w3.org/2000/svg"
        >
          <path
            className="parameters-panel__arrow-path"
            d="M253.4,73.4l-12.8-11.8c-1.7-1.6-3.7-2.4-5.9-2.4c-2.2,0-4.2,0.8-5.9,2.4L128,154.5L27.2,61.6c-1.7-1.6-3.7-2.4-5.9-2.4
 c-2.2,0-4.2,0.8-5.9,2.4L2.6,73.4C0.9,75,0,76.8,0,78.9c0,2,0.9,3.9,2.6,5.4l119.5,110.1c1.7,1.6,3.7,2.4,5.9,2.4
 c2.2,0,4.2-0.8,5.9-2.4L253.4,84.3c1.7-1.6,2.6-3.4,2.6-5.4C256,76.8,255.2,75,253.4,73.4z"
          />
        </svg>
      </div>
    </div>
  </div>
</ParametersPanel>
`;

exports[`should render ParametersPanel with opened panel 1`] = `
<ParametersPanel
  errorParameters={false}
  onChange={[MockFunction]}
  parametersEntered={0}
  parametersMax={6}
  parametersOnClick={[MockFunction]}
  parametersPanel={true}
  parametersValue={
    Object {
      "Beach": 0,
      "Food": 0,
      "Museum": 0,
      "Nature": 0,
      "Nightlife": 0,
      "Shopping": 0,
    }
  }
>
  <div
    className="parameters-panel__container"
  >
    <div
      className="parameters-panel__parameters parameters-panel__parameters--open"
    >
      <Parameter
        disabled={false}
        key="0"
        onChange={[MockFunction]}
        parameter="Beach"
        value={0}
      >
        <div
          className="parameter-container"
        >
          <label
            className="parameter__label"
          >
            Beach
          </label>
          <div
            className="slider-container"
          >
            <div
              className="slider__labels-container"
            >
              <div
                className="slider__label slider__label--active slider__label--selected slider__label--first"
                key="0"
                onClick={[Function]}
              >
                0
              </div>
              <div
                className="slider__label"
                key="1"
                onClick={[Function]}
              >
                1
              </div>
              <div
                className="slider__label"
                key="2"
                onClick={[Function]}
              >
                2
              </div>
              <div
                className="slider__label"
                key="3"
                onClick={[Function]}
              >
                3
              </div>
              <div
                className="slider__label"
                key="4"
                onClick={[Function]}
              >
                4
              </div>
              <div
                className="slider__label slider__label--last"
                key="5"
                onClick={[Function]}
              >
                5
              </div>
            </div>
            <div
              className="slider__range-contaner"
            >
              <input
                className="slider__range"
                disabled={false}
                max={5}
                min={0}
                onChange={[Function]}
                steps={1}
                style={
                  Object {
                    "background": "linear-gradient(to right, optionChoose 0%, #b2b2b2 0%)",
                  }
                }
                type="range"
                value={0}
              />
            </div>
          </div>
        </div>
      </Parameter>
      <Parameter
        disabled={false}
        key="1"
        onChange={[MockFunction]}
        parameter="Food"
        value={0}
      >
        <div
          className="parameter-container"
        >
          <label
            className="parameter__label"
          >
            Food
          </label>
          <div
            className="slider-container"
          >
            <div
              className="slider__labels-container"
            >
              <div
                className="slider__label slider__label--active slider__label--selected slider__label--first"
                key="0"
                onClick={[Function]}
              >
                0
              </div>
              <div
                className="slider__label"
                key="1"
                onClick={[Function]}
              >
                1
              </div>
              <div
                className="slider__label"
                key="2"
                onClick={[Function]}
              >
                2
              </div>
              <div
                className="slider__label"
                key="3"
                onClick={[Function]}
              >
                3
              </div>
              <div
                className="slider__label"
                key="4"
                onClick={[Function]}
              >
                4
              </div>
              <div
                className="slider__label slider__label--last"
                key="5"
                onClick={[Function]}
              >
                5
              </div>
            </div>
            <div
              className="slider__range-contaner"
            >
              <input
                className="slider__range"
                disabled={false}
                max={5}
                min={0}
                onChange={[Function]}
                steps={1}
                style={
                  Object {
                    "background": "linear-gradient(to right, optionChoose 0%, #b2b2b2 0%)",
                  }
                }
                type="range"
                value={0}
              />
            </div>
          </div>
        </div>
      </Parameter>
      <Parameter
        disabled={false}
        key="2"
        onChange={[MockFunction]}
        parameter="Museum"
        value={0}
      >
        <div
          className="parameter-container"
        >
          <label
            className="parameter__label"
          >
            Museum
          </label>
          <div
            className="slider-container"
          >
            <div
              className="slider__labels-container"
            >
              <div
                className="slider__label slider__label--active slider__label--selected slider__label--first"
                key="0"
                onClick={[Function]}
              >
                0
              </div>
              <div
                className="slider__label"
                key="1"
                onClick={[Function]}
              >
                1
              </div>
              <div
                className="slider__label"
                key="2"
                onClick={[Function]}
              >
                2
              </div>
              <div
                className="slider__label"
                key="3"
                onClick={[Function]}
              >
                3
              </div>
              <div
                className="slider__label"
                key="4"
                onClick={[Function]}
              >
                4
              </div>
              <div
                className="slider__label slider__label--last"
                key="5"
                onClick={[Function]}
              >
                5
              </div>
            </div>
            <div
              className="slider__range-contaner"
            >
              <input
                className="slider__range"
                disabled={false}
                max={5}
                min={0}
                onChange={[Function]}
                steps={1}
                style={
                  Object {
                    "background": "linear-gradient(to right, optionChoose 0%, #b2b2b2 0%)",
                  }
                }
                type="range"
                value={0}
              />
            </div>
          </div>
        </div>
      </Parameter>
      <Parameter
        disabled={false}
        key="3"
        onChange={[MockFunction]}
        parameter="Nature"
        value={0}
      >
        <div
          className="parameter-container"
        >
          <label
            className="parameter__label"
          >
            Nature
          </label>
          <div
            className="slider-container"
          >
            <div
              className="slider__labels-container"
            >
              <div
                className="slider__label slider__label--active slider__label--selected slider__label--first"
                key="0"
                onClick={[Function]}
              >
                0
              </div>
              <div
                className="slider__label"
                key="1"
                onClick={[Function]}
              >
                1
              </div>
              <div
                className="slider__label"
                key="2"
                onClick={[Function]}
              >
                2
              </div>
              <div
                className="slider__label"
                key="3"
                onClick={[Function]}
              >
                3
              </div>
              <div
                className="slider__label"
                key="4"
                onClick={[Function]}
              >
                4
              </div>
              <div
                className="slider__label slider__label--last"
                key="5"
                onClick={[Function]}
              >
                5
              </div>
            </div>
            <div
              className="slider__range-contaner"
            >
              <input
                className="slider__range"
                disabled={false}
                max={5}
                min={0}
                onChange={[Function]}
                steps={1}
                style={
                  Object {
                    "background": "linear-gradient(to right, optionChoose 0%, #b2b2b2 0%)",
                  }
                }
                type="range"
                value={0}
              />
            </div>
          </div>
        </div>
      </Parameter>
      <Parameter
        disabled={false}
        key="4"
        onChange={[MockFunction]}
        parameter="Nightlife"
        value={0}
      >
        <div
          className="parameter-container"
        >
          <label
            className="parameter__label"
          >
            Nightlife
          </label>
          <div
            className="slider-container"
          >
            <div
              className="slider__labels-container"
            >
              <div
                className="slider__label slider__label--active slider__label--selected slider__label--first"
                key="0"
                onClick={[Function]}
              >
                0
              </div>
              <div
                className="slider__label"
                key="1"
                onClick={[Function]}
              >
                1
              </div>
              <div
                className="slider__label"
                key="2"
                onClick={[Function]}
              >
                2
              </div>
              <div
                className="slider__label"
                key="3"
                onClick={[Function]}
              >
                3
              </div>
              <div
                className="slider__label"
                key="4"
                onClick={[Function]}
              >
                4
              </div>
              <div
                className="slider__label slider__label--last"
                key="5"
                onClick={[Function]}
              >
                5
              </div>
            </div>
            <div
              className="slider__range-contaner"
            >
              <input
                className="slider__range"
                disabled={false}
                max={5}
                min={0}
                onChange={[Function]}
                steps={1}
                style={
                  Object {
                    "background": "linear-gradient(to right, optionChoose 0%, #b2b2b2 0%)",
                  }
                }
                type="range"
                value={0}
              />
            </div>
          </div>
        </div>
      </Parameter>
      <Parameter
        disabled={false}
        key="5"
        onChange={[MockFunction]}
        parameter="Shopping"
        value={0}
      >
        <div
          className="parameter-container"
        >
          <label
            className="parameter__label"
          >
            Shopping
          </label>
          <div
            className="slider-container"
          >
            <div
              className="slider__labels-container"
            >
              <div
                className="slider__label slider__label--active slider__label--selected slider__label--first"
                key="0"
                onClick={[Function]}
              >
                0
              </div>
              <div
                className="slider__label"
                key="1"
                onClick={[Function]}
              >
                1
              </div>
              <div
                className="slider__label"
                key="2"
                onClick={[Function]}
              >
                2
              </div>
              <div
                className="slider__label"
                key="3"
                onClick={[Function]}
              >
                3
              </div>
              <div
                className="slider__label"
                key="4"
                onClick={[Function]}
              >
                4
              </div>
              <div
                className="slider__label slider__label--last"
                key="5"
                onClick={[Function]}
              >
                5
              </div>
            </div>
            <div
              className="slider__range-contaner"
            >
              <input
                className="slider__range"
                disabled={false}
                max={5}
                min={0}
                onChange={[Function]}
                steps={1}
                style={
                  Object {
                    "background": "linear-gradient(to right, optionChoose 0%, #b2b2b2 0%)",
                  }
                }
                type="range"
                value={0}
              />
            </div>
          </div>
        </div>
      </Parameter>
    </div>
    <div
      className="parameters-panel__open-close-btn parameters-panel__open-close-btn--open"
      onClick={[MockFunction]}
    >
      <span
        className="parameters-panel__open-close-text"
      >
        Select at least one option
      </span>
      <div
        className="parameters-panel__arrow-container"
      >
        <svg
          className="parameters-panel__arrow parameters-panel__arrow--first parameters-panel__arrow--rotate"
          version="1.1"
          viewBox="0 0 256 256"
          xmlns="http://www.w3.org/2000/svg"
        >
          <path
            className="parameters-panel__arrow-path"
            d="M253.4,73.4l-12.8-11.8c-1.7-1.6-3.7-2.4-5.9-2.4c-2.2,0-4.2,0.8-5.9,2.4L128,154.5L27.2,61.6c-1.7-1.6-3.7-2.4-5.9-2.4
 c-2.2,0-4.2,0.8-5.9,2.4L2.6,73.4C0.9,75,0,76.8,0,78.9c0,2,0.9,3.9,2.6,5.4l119.5,110.1c1.7,1.6,3.7,2.4,5.9,2.4
 c2.2,0,4.2-0.8,5.9-2.4L253.4,84.3c1.7-1.6,2.6-3.4,2.6-5.4C256,76.8,255.2,75,253.4,73.4z"
          />
        </svg>
        <svg
          className="parameters-panel__arrow parameters-panel__arrow--second parameters-panel__arrow--rotate"
          version="1.1"
          viewBox="0 0 256 256"
          xmlns="http://www.w3.org/2000/svg"
        >
          <path
            className="parameters-panel__arrow-path"
            d="M253.4,73.4l-12.8-11.8c-1.7-1.6-3.7-2.4-5.9-2.4c-2.2,0-4.2,0.8-5.9,2.4L128,154.5L27.2,61.6c-1.7-1.6-3.7-2.4-5.9-2.4
 c-2.2,0-4.2,0.8-5.9,2.4L2.6,73.4C0.9,75,0,76.8,0,78.9c0,2,0.9,3.9,2.6,5.4l119.5,110.1c1.7,1.6,3.7,2.4,5.9,2.4
 c2.2,0,4.2-0.8,5.9-2.4L253.4,84.3c1.7-1.6,2.6-3.4,2.6-5.4C256,76.8,255.2,75,253.4,73.4z"
          />
        </svg>
      </div>
    </div>
  </div>
</ParametersPanel>
`;
