// Jest Snapshot v1, https://goo.gl/fbAQLP

exports[`should render Parameter component with default props 1`] = `
<div
  className="parameter-container"
>
  <label
    className="parameter__label"
  >
    Test parameter
  </label>
  <div
    className="slider-container"
  >
    <div
      className="slider__labels-container"
    >
      <div
        className="slider__label slider__label--active slider__label--first"
        key="0"
        onClick={[Function]}
      >
        0
      </div>
      <div
        className="slider__label slider__label--active"
        key="1"
        onClick={[Function]}
      >
        1
      </div>
      <div
        className="slider__label slider__label--active slider__label--selected"
        key="2"
        onClick={[Function]}
      >
        2
      </div>
      <div
        className="slider__label"
        key="3"
        onClick={[Function]}
      >
        3
      </div>
      <div
        className="slider__label"
        key="4"
        onClick={[Function]}
      >
        4
      </div>
      <div
        className="slider__label slider__label--last"
        key="5"
        onClick={[Function]}
      >
        5
      </div>
    </div>
    <div
      className="slider__range-contaner"
    >
      <input
        className="slider__range"
        disabled={false}
        max={5}
        min={0}
        onChange={[Function]}
        steps={1}
        style={
          Object {
            "background": "linear-gradient(to right, optionChoose 40%, #b2b2b2 40%)",
          }
        }
        type="range"
        value={2}
      />
    </div>
  </div>
</div>
`;
